Archive member included to satisfy reference by file (symbol)

/private/tmp/armtc/root/bin/../lib/gcc/arm-none-eabi/15.2.1/thumb/v7e-m+fp/hard/libgcc.a(_arm_muldf3.o)
                              build-v1.6/afg.o (__aeabi_dmul)
/private/tmp/armtc/root/bin/../lib/gcc/arm-none-eabi/15.2.1/thumb/v7e-m+fp/hard/libgcc.a(_arm_addsubdf3.o)
                              build-v1.6/afg.o (__aeabi_dadd)
/private/tmp/armtc/root/bin/../lib/gcc/arm-none-eabi/15.2.1/thumb/v7e-m+fp/hard/libgcc.a(_arm_fixunsdfsi.o)
                              build-v1.6/afg.o (__aeabi_d2uiz)
/private/tmp/armtc/root/bin/../lib/gcc/arm-none-eabi/15.2.1/thumb/v7e-m+fp/hard/libgcc.a(_arm_truncdfsf2.o)
                              build-v1.6/afg.o (__aeabi_d2f)
/private/tmp/armtc/root/bin/../lib/gcc/arm-none-eabi/15.2.1/thumb/v7e-m+fp/hard/libgcc.a(_aeabi_uldivmod.o)
                              build-v1.6/afg.o (__aeabi_uldivmod)
/private/tmp/armtc/root/bin/../lib/gcc/arm-none-eabi/15.2.1/thumb/v7e-m+fp/hard/libgcc.a(_udivmoddi4.o)
                              /private/tmp/armtc/root/bin/../lib/gcc/arm-none-eabi/15.2.1/thumb/v7e-m+fp/hard/libgcc.a(_aeabi_uldivmod.o) (__udivmoddi4)
/private/tmp/armtc/root/bin/../lib/gcc/arm-none-eabi/15.2.1/thumb/v7e-m+fp/hard/libgcc.a(_dvmd_tls.o)
                              /private/tmp/armtc/root/bin/../lib/gcc/arm-none-eabi/15.2.1/thumb/v7e-m+fp/hard/libgcc.a(_aeabi_uldivmod.o) (__aeabi_ldiv0)
/private/tmp/armtc/root/bin/../lib/gcc/arm-none-eabi/15.2.1/../../../../arm-none-eabi/lib/thumb/v7e-m+fp/hard/libc_nano.a(libc_a-exit.o)
                              /private/tmp/armtc/root/bin/../lib/gcc/arm-none-eabi/15.2.1/../../../../arm-none-eabi/lib/thumb/v7e-m+fp/hard/crt0.o (exit)
/private/tmp/armtc/root/bin/../lib/gcc/arm-none-eabi/15.2.1/../../../../arm-none-eabi/lib/thumb/v7e-m+fp/hard/libc_nano.a(libc_a-findfp.o)
                              /private/tmp/armtc/root/bin/../lib/gcc/arm-none-eabi/15.2.1/../../../../arm-none-eabi/lib/thumb/v7e-m+fp/hard/libc_nano.a(libc_a-exit.o) (__stdio_exit_handler)
/private/tmp/armtc/root/bin/../lib/gcc/arm-none-eabi/15.2.1/../../../../arm-none-eabi/lib/thumb/v7e-m+fp/hard/libc_nano.a(libc_a-fwalk.o)
                              /private/tmp/armtc/root/bin/../lib/gcc/arm-none-eabi/15.2.1/../../../../arm-none-eabi/lib/thumb/v7e-m+fp/hard/libc_nano.a(libc_a-findfp.o) (_fwalk_sglue)
/private/tmp/armtc/root/bin/../lib/gcc/arm-none-eabi/15.2.1/../../../../arm-none-eabi/lib/thumb/v7e-m+fp/hard/libc_nano.a(libc_a-memset.o)
                              /private/tmp/armtc/root/bin/../lib/gcc/arm-none-eabi/15.2.1/../../../../arm-none-eabi/lib/thumb/v7e-m+fp/hard/crt0.o (memset)
/private/tmp/armtc/root/bin/../lib/gcc/arm-none-eabi/15.2.1/../../../../arm-none-eabi/lib/thumb/v7e-m+fp/hard/libc_nano.a(libc_a-init.o)
                              /private/tmp/armtc/root/bin/../lib/gcc/arm-none-eabi/15.2.1/../../../../arm-none-eabi/lib/thumb/v7e-m+fp/hard/crt0.o (__libc_init_array)
/private/tmp/armtc/root/bin/../lib/gcc/arm-none-eabi/15.2.1/../../../../arm-none-eabi/lib/thumb/v7e-m+fp/hard/libc_nano.a(libc_a-lock.o)
                              /private/tmp/armtc/root/bin/../lib/gcc/arm-none-eabi/15.2.1/../../../../arm-none-eabi/lib/thumb/v7e-m+fp/hard/libc_nano.a(libc_a-findfp.o) (__retarget_lock_init_recursive)
/private/tmp/armtc/root/bin/../lib/gcc/arm-none-eabi/15.2.1/../../../../arm-none-eabi/lib/thumb/v7e-m+fp/hard/libc_nano.a(libc_a-reent.o)
                              build-v1.6/syscalls.o (errno)
/private/tmp/armtc/root/bin/../lib/gcc/arm-none-eabi/15.2.1/../../../../arm-none-eabi/lib/thumb/v7e-m+fp/hard/libc_nano.a(libc_a-impure.o)
                              /private/tmp/armtc/root/bin/../lib/gcc/arm-none-eabi/15.2.1/../../../../arm-none-eabi/lib/thumb/v7e-m+fp/hard/libc_nano.a(libc_a-reent.o) (_impure_ptr)
/private/tmp/armtc/root/bin/../lib/gcc/arm-none-eabi/15.2.1/../../../../arm-none-eabi/lib/thumb/v7e-m+fp/hard/libc_nano.a(libc_a-memcpy-stub.o)
                              build-v1.6/controller.o (memcpy)
/private/tmp/armtc/root/bin/../lib/gcc/arm-none-eabi/15.2.1/../../../../arm-none-eabi/lib/thumb/v7e-m+fp/hard/libc_nano.a(libc_a-freer.o)
                              /private/tmp/armtc/root/bin/../lib/gcc/arm-none-eabi/15.2.1/../../../../arm-none-eabi/lib/thumb/v7e-m+fp/hard/libc_nano.a(libc_a-reent.o) (_free_r)
/private/tmp/armtc/root/bin/../lib/gcc/arm-none-eabi/15.2.1/../../../../arm-none-eabi/lib/thumb/v7e-m+fp/hard/libc_nano.a(libc_a-mallocr.o)
                              /private/tmp/armtc/root/bin/../lib/gcc/arm-none-eabi/15.2.1/../../../../arm-none-eabi/lib/thumb/v7e-m+fp/hard/libc_nano.a(libc_a-findfp.o) (_malloc_r)
/private/tmp/armtc/root/bin/../lib/gcc/arm-none-eabi/15.2.1/../../../../arm-none-eabi/lib/thumb/v7e-m+fp/hard/libc_nano.a(libc_a-mlock.o)
                              /private/tmp/armtc/root/bin/../lib/gcc/arm-none-eabi/15.2.1/../../../../arm-none-eabi/lib/thumb/v7e-m+fp/hard/libc_nano.a(libc_a-freer.o) (__malloc_lock)
[...]
Memory Configuration

Name             Origin             Length             Attributes
FLASH            0x08000000         0x00100000         xr
RAM              0x20000000         0x00020000         xrw
MEMORY_B1        0x60000000         0x00000000         xr
CCMRAM           0x10000000         0x00010000         rw
*default*        0x00000000         0xffffffff

Linker script and memory map

LOAD /private/tmp/armtc/root/bin/../lib/gcc/arm-none-eabi/15.2.1/thumb/v7e-m+fp/hard/crti.o
LOAD /private/tmp/armtc/root/bin/../lib/gcc/arm-none-eabi/15.2.1/thumb/v7e-m+fp/hard/crtbegin.o
LOAD /private/tmp/armtc/root/bin/../lib/gcc/arm-none-eabi/15.2.1/../../../../arm-none-eabi/lib/thumb/v7e-m+fp/hard/crt0.o
LOAD build-v1.6/adc_pots_selector.o
LOAD build-v1.6/afg.o
LOAD build-v1.6/analog_data.o
LOAD build-v1.6/CAT25512.o
LOAD build-v1.6/controller.o
LOAD build-v1.6/delays.o
LOAD build-v1.6/dip_config.o
LOAD build-v1.6/display.o
LOAD build-v1.6/eprom.o
LOAD build-v1.6/expander.o
LOAD build-v1.6/HC165.o
LOAD build-v1.6/leds_modes.o
LOAD build-v1.6/leds_step.o
LOAD build-v1.6/main.o
LOAD build-v1.6/MAX5135.o
LOAD build-v1.6/program.o
LOAD build-v1.6/stm32f4xx_it.o
LOAD build-v1.6/syscalls.o
LOAD build-v1.6/system_stm32f4xx.o
LOAD build-v1.6/misc.o
LOAD build-v1.6/stm32f4xx_adc.o
LOAD build-v1.6/stm32f4xx_can.o
LOAD build-v1.6/stm32f4xx_crc.o
LOAD build-v1.6/stm32f4xx_cryp_aes.o
LOAD build-v1.6/stm32f4xx_cryp_des.o
LOAD build-v1.6/stm32f4xx_cryp_tdes.o
LOAD build-v1.6/stm32f4xx_cryp.o
LOAD build-v1.6/stm32f4xx_dac.o
LOAD build-v1.6/stm32f4xx_dbgmcu.o
LOAD build-v1.6/stm32f4xx_dcmi.o
LOAD build-v1.6/stm32f4xx_dma.o
LOAD build-v1.6/stm32f4xx_exti.o
LOAD build-v1.6/stm32f4xx_flash.o
LOAD build-v1.6/stm32f4xx_fsmc.o
LOAD build-v1.6/stm32f4xx_gpio.o
LOAD build-v1.6/stm32f4xx_hash_md5.o
LOAD build-v1.6/stm32f4xx_hash_sha1.o
LOAD build-v1.6/stm32f4xx_hash.o
LOAD build-v1.6/stm32f4xx_i2c.o
LOAD build-v1.6/stm32f4xx_iwdg.o
LOAD build-v1.6/stm32f4xx_pwr.o
LOAD build-v1.6/stm32f4xx_rcc.o
LOAD build-v1.6/stm32f4xx_rng.o
LOAD build-v1.6/stm32f4xx_rtc.o
LOAD build-v1.6/stm32f4xx_sdio.o
LOAD build-v1.6/stm32f4xx_spi.o
LOAD build-v1.6/stm32f4xx_syscfg.o
LOAD build-v1.6/stm32f4xx_tim.o
LOAD build-v1.6/stm32f4xx_usart.o
LOAD build-v1.6/stm32f4xx_wwdg.o
LOAD build-v1.6/startup_stm32f40xx.o
START GROUP
LOAD /private/tmp/armtc/root/bin/../lib/gcc/arm-none-eabi/15.2.1/thumb/v7e-m+fp/hard/libgcc.a
LOAD /private/tmp/armtc/root/bin/../lib/gcc/arm-none-eabi/15.2.1/../../../../arm-none-eabi/lib/thumb/v7e-m+fp/hard/libc_nano.a
END GROUP
START GROUP
LOAD /private/tmp/armtc/root/bin/../lib/gcc/arm-none-eabi/15.2.1/thumb/v7e-m+fp/hard/libgcc.a
LOAD /private/tmp/armtc/root/bin/../lib/gcc/arm-none-eabi/15.2.1/../../../../arm-none-eabi/lib/thumb/v7e-m+fp/hard/libc_nano.a
END GROUP
LOAD /private/tmp/armtc/root/bin/../lib/gcc/arm-none-eabi/15.2.1/thumb/v7e-m+fp/hard/crtend.o
LOAD /private/tmp/armtc/root/bin/../lib/gcc/arm-none-eabi/15.2.1/thumb/v7e-m+fp/hard/crtn.o
                0x20020000                        _estack = 0x20020000
                0x00000000                        _Min_Heap_Size = 0x0
                0x00000400                        _Min_Stack_Size = 0x400

.isr_vector     0x08000000      0x188
                0x08000000                        . = ALIGN (0x4)
 *(.isr_vector)
 .isr_vector    0x08000000      0x188 build-v1.6/startup_stm32f40xx.o
                0x08000000                g_pfnVectors
                0x08000188                        . = ALIGN (0x4)

.text           0x08000188     0x7198
                0x08000188                        . = ALIGN (0x4)
 *(.text)
 .text          0x08000188      0x254 /private/tmp/armtc/root/bin/../lib/gcc/arm-none-eabi/15.2.1/thumb/v7e-m+fp/hard/libgcc.a(_arm_muldf3.o)
                0x08000188                __aeabi_dmul
                0x08000188                __muldf3
 .text          0x080003dc      0x378 /private/tmp/armtc/root/bin/../lib/gcc/arm-none-eabi/15.2.1/thumb/v7e-m+fp/hard/libgcc.a(_arm_addsubdf3.o)
                0x080003dc                __aeabi_drsub
                0x080003e4                __subdf3
                0x080003e4                __aeabi_dsub
                0x080003e8                __aeabi_dadd
                0x080003e8                __adddf3
                0x08000660                __aeabi_ui2d
                0x08000660                __floatunsidf
                0x08000680                __floatsidf
                0x08000680                __aeabi_i2d
                0x080006a4                __extendsfdf2
                0x080006a4                __aeabi_f2d
                0x080006e8                __aeabi_ul2d
                0x080006e8                __floatundidf
                0x080006f8                __aeabi_l2d
                0x080006f8                __floatdidf
 .text          0x08000754       0x40 /private/tmp/armtc/root/bin/../lib/gcc/arm-none-eabi/15.2.1/thumb/v7e-m+fp/hard/libgcc.a(_arm_fixunsdfsi.o)
                0x08000754                __fixunsdfsi
                0x08000754                __aeabi_d2uiz
 .text          0x08000794       0xa0 /private/tmp/armtc/root/bin/../lib/gcc/arm-none-eabi/15.2.1/thumb/v7e-m+fp/hard/libgcc.a(_arm_truncdfsf2.o)
                0x08000794                __aeabi_d2f
                0x08000794                __truncdfsf2
 .text          0x08000834       0x30 /private/tmp/armtc/root/bin/../lib/gcc/arm-none-eabi/15.2.1/thumb/v7e-m+fp/hard/libgcc.a(_aeabi_uldivmod.o)
                0x08000834                __aeabi_uldivmod
 .text          0x08000864        0x4 /private/tmp/armtc/root/bin/../lib/gcc/arm-none-eabi/15.2.1/thumb/v7e-m+fp/hard/libgcc.a(_dvmd_tls.o)
                0x08000864                __aeabi_ldiv0
                0x08000864                __aeabi_idiv0
 *(.text*)
 .text.deregister_tm_clones
                0x08000868       0x1c /private/tmp/armtc/root/bin/../lib/gcc/arm-none-eabi/15.2.1/thumb/v7e-m+fp/hard/crtbegin.o
 .text.register_tm_clones
                0x08000884       0x24 /private/tmp/armtc/root/bin/../lib/gcc/arm-none-eabi/15.2.1/thumb/v7e-m+fp/hard/crtbegin.o
 .text.__do_global_dtors_aux
                0x080008a8       0x28 /private/tmp/armtc/root/bin/../lib/gcc/arm-none-eabi/15.2.1/thumb/v7e-m+fp/hard/crtbegin.o
 .text.frame_dummy
                0x080008d0       0x24 /private/tmp/armtc/root/bin/../lib/gcc/arm-none-eabi/15.2.1/thumb/v7e-m+fp/hard/crtbegin.o
 .text.AdcMuxResetAllOff
                0x080008f4      0x244 build-v1.6/adc_pots_selector.o
                0x080008f4                AdcMuxResetAllOff
 .text.AdcMuxReset
                0x08000b38      0x244 build-v1.6/adc_pots_selector.o
                0x08000b38                AdcMuxReset
 .text.AdcMuxGpioInitialize
                0x08000d7c       0x2c build-v1.6/adc_pots_selector.o
                0x08000d7c                AdcMuxGpioInitialize
 .text.AdcMuxAdvance
                0x08000da8      0x368 build-v1.6/adc_pots_selector.o
                0x08000da8                AdcMuxAdvance
 .text.AdcMuxAdvanceExpanded
                0x08001110      0x360 build-v1.6/adc_pots_selector.o
                0x08001110                AdcMuxAdvanceExpanded
 .text.AdcMuxSelectAdc2
                0x08001470      0x324 build-v1.6/adc_pots_selector.o
                0x08001470                AdcMuxSelectAdc2
 .text.AfgAllInitialize
                0x08001794       0x48 build-v1.6/afg.o
                0x08001794                AfgAllInitialize
 .text.AfgGetControllerState
                0x080017dc       0x28 build-v1.6/afg.o
                0x080017dc                AfgGetControllerState
 .text.AfgSetSection
                0x08001804       0x10 build-v1.6/afg.o
                0x08001804                AfgSetSection
 *fill*         0x08001814        0x4 
 .text.GetTimeMultiplier
                0x08001818      0x104 build-v1.6/afg.o
                0x08001818                GetTimeMultiplier
 *fill*         0x0800191c        0x4 
 .text.AfgRecalculateStepWidths
                0x08001920      0x1c8 build-v1.6/afg.o
                0x08001920                AfgRecalculateStepWidths
 .text.AfgCheckStart
                0x08001ae8      0x150 build-v1.6/afg.o
                0x08001ae8                AfgCheckStart
 .text.AfgJumpToStep
                0x08001c38      0x14c build-v1.6/afg.o
                0x08001c38                AfgJumpToStep
 .text.AfgHardStop
                0x08001d84       0x18 build-v1.6/afg.o
                0x08001d84                AfgHardStop
 *fill*         0x08001d9c        0x4 
 .text.AfgReset
                0x08001da0      0x14c build-v1.6/afg.o
                0x08001da0                AfgReset
 .text.AfgProcessModeChanges
                0x08001eec      0x1c4 build-v1.6/afg.o
                0x08001eec                AfgProcessModeChanges
 .text.AfgTick  0x080020b0      0x318 build-v1.6/afg.o
                0x080020b0                AfgTick
 .text.EnableContinuousStageAddress
                0x080023c8       0x2c build-v1.6/afg.o
                0x080023c8                EnableContinuousStageAddress
 .text.DisableContinuousStageAddress
                0x080023f4       0x34 build-v1.6/afg.o
                0x080023f4                DisableContinuousStageAddress
 .text.AfgGetStepTicksRemaining
                0x08002428       0x1c build-v1.6/afg.o
                0x08002428                AfgGetStepTicksRemaining
 .text.SetVoltageRange
                0x08002444       0x80 build-v1.6/analog_data.o
                0x08002444                SetVoltageRange
 .text.WriteOtherCv
                0x080024c4       0xa8 build-v1.6/analog_data.o
                0x080024c4                WriteOtherCv
 .text.WriteOtherCvWithoutSmoothing
                0x0800256c        0xc build-v1.6/analog_data.o
                0x0800256c                WriteOtherCvWithoutSmoothing
 .text.PrecomputeCalibration
                0x08002578      0x144 build-v1.6/analog_data.o
                0x08002578                PrecomputeCalibration
 .text.CAT25512_init
                0x080026bc       0xcc build-v1.6/CAT25512.o
                0x080026bc                CAT25512_init
 .text.CAT25512_erase
                0x08002788      0x2f8 build-v1.6/CAT25512.o
                0x08002788                CAT25512_erase
 .text.CAT25512_write_block
                0x08002a80      0x324 build-v1.6/CAT25512.o
                0x08002a80                CAT25512_write_block
 .text.CAT25512_read_block
                0x08002da4       0xd0 build-v1.6/CAT25512.o
                0x08002da4                CAT25512_read_block
 .text.ControllerProcessStageAddressSwitches
                0x08002e74       0xf8 build-v1.6/controller.o
                0x08002e74                ControllerProcessStageAddressSwitches
 .text.ControllerProcessNavigationSwitches
                0x08002f6c      0x260 build-v1.6/controller.o
                0x08002f6c                ControllerProcessNavigationSwitches
 .text.ControllerCheckClear
                0x080031cc      0x10c build-v1.6/controller.o
                0x080031cc                ControllerCheckClear
 .text.ControllerCalibrationLoop
                0x080032d8      0x170 build-v1.6/controller.o
                0x080032d8                ControllerCalibrationLoop
 .text.ControllerLoadCalibration
                0x08003448       0x34 build-v1.6/controller.o
                0x08003448                ControllerLoadCalibration
 .text.ControllerLoadProgramLoop
                0x0800347c      0x1b8 build-v1.6/controller.o
                0x0800347c                ControllerLoadProgramLoop
 .text.ControllerSaveProgramLoop
                0x08003634      0x188 build-v1.6/controller.o
                0x08003634                ControllerSaveProgramLoop
 .text.ControllerScanAdcLoop
                0x080037bc      0x11c build-v1.6/controller.o
                0x080037bc                ControllerScanAdcLoop
 .text.ControllerMainLoop
                0x080038d8      0x2f4 build-v1.6/controller.o
                0x080038d8                ControllerMainLoop
 .text.systickInit
                0x08003bcc       0x3c build-v1.6/delays.o
                0x08003bcc                systickInit
 .text.SysTick_Handler
                0x08003c08       0x10 build-v1.6/delays.o
                0x08003c08                SysTick_Handler
 .text.delay_ms
                0x08003c18       0x1c build-v1.6/delays.o
                0x08003c18                delay_ms
 .text.delay_us
                0x08003c34       0x18 build-v1.6/delays.o
                0x08003c34                delay_us
 .text.delay_ns
                0x08003c4c       0x28 build-v1.6/delays.o
                0x08003c4c                delay_ns
 .text.DipConfig_init
                0x08003c74       0x30 build-v1.6/dip_config.o
                0x08003c74                DipConfig_init
 .text.GetDipConfig
                0x08003ca4       0x5c build-v1.6/dip_config.o
                0x08003ca4                GetDipConfig
 .text.DisplayAllInitialize
                0x08003d00       0x6c build-v1.6/display.o
                0x08003d00                DisplayAllInitialize
 .text.UpdateLedsProgramMode
                0x08003d6c      0x224 build-v1.6/display.o
                0x08003d6c                UpdateLedsProgramMode
 .text.UpdateModeSectionLeds
                0x08003f90      0x158 build-v1.6/display.o
                0x08003f90                UpdateModeSectionLeds
 .text.UpdateStepSectionLeds
                0x080040e8       0x6c build-v1.6/display.o
                0x080040e8                UpdateStepSectionLeds
 .text.RunClearAnimation
                0x08004154       0x58 build-v1.6/display.o
                0x08004154                RunClearAnimation
 .text.FlushLedUpdates
                0x080041ac       0x38 build-v1.6/display.o
                0x080041ac                FlushLedUpdates
 .text.RunCalibrationAnimation
                0x080041e4       0x7c build-v1.6/display.o
                0x080041e4                RunCalibrationAnimation
 .text.RunSaveProgramAnimation
                0x08004260       0x88 build-v1.6/display.o
                0x08004260                RunSaveProgramAnimation
 .text.RunLoadProgramAnimation
                0x080042e8       0x88 build-v1.6/display.o
                0x080042e8                RunLoadProgramAnimation
 .text.StepLedsLightSingleStep
                0x08004370       0x18 build-v1.6/display.o
                0x08004370                StepLedsLightSingleStep
 .text.RunWaitingLoadSaveAnimation
                0x08004388       0xd0 build-v1.6/display.o
                0x08004388                RunWaitingLoadSaveAnimation
 .text.EpromInitializeMemoryLayout
                0x08004458      0x228 build-v1.6/eprom.o
                0x08004458                EpromInitializeMemoryLayout
 .text.Init_Expander
                0x08004680       0x18 build-v1.6/expander.o
                0x08004680                Init_Expander
 .text.HC165_InitializeGPIO
                0x08004698       0x54 build-v1.6/HC165.o
                0x08004698                HC165_InitializeGPIO
 .text.HC165_ReadSwitches
                0x080046ec      0x17c build-v1.6/HC165.o
                0x080046ec                HC165_ReadSwitches
 .text.LEDS_modes_init
                0x08004868       0x28 build-v1.6/leds_modes.o
                0x08004868                LEDS_modes_init
 .text.LEDS_modes_SendStruct
                0x08004890      0x21c build-v1.6/leds_modes.o
                0x08004890                LEDS_modes_SendStruct
 .text.LED_STEP_init
                0x08004aac       0x2c build-v1.6/leds_step.o
                0x08004aac                LED_STEP_init
 .text.LED_STEP_SendWord
                0x08004ad8      0x124 build-v1.6/leds_step.o
                0x08004ad8                LED_STEP_SendWord
 .text.LED_STEP_SendWordExpanded
                0x08004bfc      0x228 build-v1.6/leds_step.o
                0x08004bfc                LED_STEP_SendWordExpanded
 .text.ADC_IRQHandler
                0x08004e24      0x10c build-v1.6/main.o
                0x08004e24                ADC_IRQHandler
 .text.mADC_init
                0x08004f30      0x150 build-v1.6/main.o
                0x08004f30                mADC_init
 .text.mInterruptInit
                0x08005080       0xbc build-v1.6/main.o
                0x08005080                mInterruptInit
 .text.HandlePulseInterruptSignals
                0x0800513c      0x1b4 build-v1.6/main.o
                0x0800513c                HandlePulseInterruptSignals
 .text.EXTI0_IRQHandler
                0x080052f0       0x10 build-v1.6/main.o
                0x080052f0                EXTI0_IRQHandler
 .text.EXTI1_IRQHandler
                0x08005300       0x10 build-v1.6/main.o
                0x08005300                EXTI1_IRQHandler
 .text.EXTI9_5_IRQHandler
                0x08005310       0x10 build-v1.6/main.o
                0x08005310                EXTI9_5_IRQHandler
 .text.TIM4_IRQHandler
                0x08005320      0x13c build-v1.6/main.o
                0x08005320                TIM4_IRQHandler
 .text.TIM5_IRQHandler
                0x0800545c      0x140 build-v1.6/main.o
                0x0800545c                TIM5_IRQHandler
 .text.mTimersInit
                0x0800559c       0xf8 build-v1.6/main.o
                0x0800559c                mTimersInit
 .text.TIM8_UP_TIM13_IRQHandler
                0x08005694       0x28 build-v1.6/main.o
                0x08005694                TIM8_UP_TIM13_IRQHandler
 .text.TIM8_TRG_COM_TIM14_IRQHandler
                0x080056bc       0x28 build-v1.6/main.o
                0x080056bc                TIM8_TRG_COM_TIM14_IRQHandler
 .text.TIM3_IRQHandler
                0x080056e4       0x38 build-v1.6/main.o
                0x080056e4                TIM3_IRQHandler
 .text.TIM7_IRQHandler
                0x0800571c       0x38 build-v1.6/main.o
                0x0800571c                TIM7_IRQHandler
 .text.TIM6_DAC_IRQHandler
                0x08005754        0x4 build-v1.6/main.o
                0x08005754                TIM6_DAC_IRQHandler
 .text.PulsesGpioInit
                0x08005758       0x8c build-v1.6/main.o
                0x08005758                PulsesGpioInit
 .text.DisplayLedsIOInit
                0x080057e4       0x34 build-v1.6/main.o
                0x080057e4                DisplayLedsIOInit
 .text.InternalDACInit
                0x08005818       0x78 build-v1.6/main.o
                0x08005818                InternalDACInit
 .text.startup.main
                0x08005890       0xb4 build-v1.6/main.o
                0x08005890                main
 .text.MAX5135_Initialize
                0x08005944       0x9c build-v1.6/MAX5135.o
                0x08005944                MAX5135_Initialize
 .text.MAX5135_DAC_send
                0x080059e0       0xa0 build-v1.6/MAX5135.o
                0x080059e0                MAX5135_DAC_send
 .text.InitProgram
                0x08005a80       0x44 build-v1.6/program.o
                0x08005a80                InitProgram
 .text.GetStepVoltage
                0x08005ac4      0x16c build-v1.6/program.o
                0x08005ac4                GetStepVoltage
 .text.GetStepWidth
                0x08005c30      0x158 build-v1.6/program.o
                0x08005c30                GetStepWidth
 .text.WriteVoltageSlider
                0x08005d88       0xf8 build-v1.6/program.o
                0x08005d88                WriteVoltageSlider
 .text.WriteTimeSlider
                0x08005e80      0x100 build-v1.6/program.o
                0x08005e80                WriteTimeSlider
 .text.GetNextStep
                0x08005f80       0x64 build-v1.6/program.o
                0x08005f80                GetNextStep
 .text.ApplyProgrammingSwitches
                0x08005fe4      0x520 build-v1.6/program.o
                0x08005fe4                ApplyProgrammingSwitches
 .text.NMI_Handler
                0x08006504        0x4 build-v1.6/stm32f4xx_it.o
                0x08006504                NMI_Handler
 .text.HardFault_Handler
                0x08006508        0x4 build-v1.6/stm32f4xx_it.o
                0x08006508                HardFault_Handler
 .text.MemManage_Handler
                0x0800650c        0x4 build-v1.6/stm32f4xx_it.o
                0x0800650c                MemManage_Handler
 .text.BusFault_Handler
                0x08006510        0x4 build-v1.6/stm32f4xx_it.o
                0x08006510                BusFault_Handler
 .text.UsageFault_Handler
                0x08006514        0x4 build-v1.6/stm32f4xx_it.o
                0x08006514                UsageFault_Handler
 .text.SVC_Handler
                0x08006518        0x4 build-v1.6/stm32f4xx_it.o
                0x08006518                SVC_Handler
 .text.DebugMon_Handler
                0x0800651c        0x4 build-v1.6/stm32f4xx_it.o
                0x0800651c                DebugMon_Handler
 .text.PendSV_Handler
                0x08006520        0x4 build-v1.6/stm32f4xx_it.o
                0x08006520                PendSV_Handler
 .text.SystemInit
                0x08006524       0xfc build-v1.6/system_stm32f4xx.o
                0x08006524                SystemInit
 .text.NVIC_Init
                0x08006620       0x60 build-v1.6/misc.o
                0x08006620                NVIC_Init
 .text.ADC_Init
                0x08006680       0x50 build-v1.6/stm32f4xx_adc.o
                0x08006680                ADC_Init
 .text.ADC_StructInit
                0x080066d0       0x14 build-v1.6/stm32f4xx_adc.o
                0x080066d0                ADC_StructInit
 .text.ADC_CommonInit
                0x080066e4       0x2c build-v1.6/stm32f4xx_adc.o
                0x080066e4                ADC_CommonInit
 .text.ADC_Cmd  0x08006710       0x14 build-v1.6/stm32f4xx_adc.o
                0x08006710                ADC_Cmd
 .text.ADC_RegularChannelConfig
                0x08006724       0xa4 build-v1.6/stm32f4xx_adc.o
                0x08006724                ADC_RegularChannelConfig
 .text.ADC_InjectedChannelConfig
                0x080067c8       0x68 build-v1.6/stm32f4xx_adc.o
                0x080067c8                ADC_InjectedChannelConfig
 .text.ADC_InjectedSequencerLengthConfig
                0x08006830       0x10 build-v1.6/stm32f4xx_adc.o
                0x08006830                ADC_InjectedSequencerLengthConfig
 .text.ADC_SoftwareStartInjectedConv
                0x08006840        0xc build-v1.6/stm32f4xx_adc.o
                0x08006840                ADC_SoftwareStartInjectedConv
 .text.ADC_GetInjectedConversionValue
                0x0800684c       0x1c build-v1.6/stm32f4xx_adc.o
                0x0800684c                ADC_GetInjectedConversionValue
 .text.ADC_ITConfig
                0x08006868       0x1c build-v1.6/stm32f4xx_adc.o
                0x08006868                ADC_ITConfig
 .text.ADC_GetFlagStatus
                0x08006884        0xc build-v1.6/stm32f4xx_adc.o
                0x08006884                ADC_GetFlagStatus
 .text.ADC_ClearFlag
                0x08006890        0x8 build-v1.6/stm32f4xx_adc.o
                0x08006890                ADC_ClearFlag
 .text.ADC_GetITStatus
                0x08006898       0x2c build-v1.6/stm32f4xx_adc.o
                0x08006898                ADC_GetITStatus
 .text.ADC_ClearITPendingBit
                0x080068c4        0x8 build-v1.6/stm32f4xx_adc.o
                0x080068c4                ADC_ClearITPendingBit
 .text.DAC_DeInit
                0x080068cc       0x1c build-v1.6/stm32f4xx_dac.o
                0x080068cc                DAC_DeInit
 .text.DAC_Init
                0x080068e8       0x34 build-v1.6/stm32f4xx_dac.o
                0x080068e8                DAC_Init
 .text.DAC_StructInit
                0x0800691c        0xc build-v1.6/stm32f4xx_dac.o
                0x0800691c                DAC_StructInit
 .text.DAC_Cmd  0x08006928       0x20 build-v1.6/stm32f4xx_dac.o
                0x08006928                DAC_Cmd
 .text.DAC_SetChannel1Data
                0x08006948       0x20 build-v1.6/stm32f4xx_dac.o
                0x08006948                DAC_SetChannel1Data
 .text.DAC_SetChannel2Data
                0x08006968       0x20 build-v1.6/stm32f4xx_dac.o
                0x08006968                DAC_SetChannel2Data
 .text.EXTI_DeInit
                0x08006988       0x1c build-v1.6/stm32f4xx_exti.o
                0x08006988                EXTI_DeInit
 .text.EXTI_Init
                0x080069a4       0x78 build-v1.6/stm32f4xx_exti.o
                0x080069a4                EXTI_Init
 .text.EXTI_GetFlagStatus
                0x08006a1c       0x14 build-v1.6/stm32f4xx_exti.o
                0x08006a1c                EXTI_GetFlagStatus
 .text.EXTI_ClearITPendingBit
                0x08006a30        0xc build-v1.6/stm32f4xx_exti.o
                0x08006a30                EXTI_ClearITPendingBit
 .text.GPIO_Init
                0x08006a3c       0xa4 build-v1.6/stm32f4xx_gpio.o
                0x08006a3c                GPIO_Init
 .text.GPIO_StructInit
                0x08006ae0        0xc build-v1.6/stm32f4xx_gpio.o
                0x08006ae0                GPIO_StructInit
 .text.GPIO_ReadInputDataBit
                0x08006aec        0xc build-v1.6/stm32f4xx_gpio.o
                0x08006aec                GPIO_ReadInputDataBit
 .text.GPIO_SetBits
                0x08006af8        0x4 build-v1.6/stm32f4xx_gpio.o
                0x08006af8                GPIO_SetBits
 .text.GPIO_ResetBits
                0x08006afc        0x4 build-v1.6/stm32f4xx_gpio.o
                0x08006afc                GPIO_ResetBits
 .text.GPIO_PinAFConfig
                0x08006b00       0x28 build-v1.6/stm32f4xx_gpio.o
                0x08006b00                GPIO_PinAFConfig
 .text.RCC_GetClocksFreq
                0x08006b28       0x94 build-v1.6/stm32f4xx_rcc.o
                0x08006b28                RCC_GetClocksFreq
 .text.RCC_AHB1PeriphClockCmd
                0x08006bbc       0x18 build-v1.6/stm32f4xx_rcc.o
                0x08006bbc                RCC_AHB1PeriphClockCmd
 .text.RCC_APB1PeriphClockCmd
                0x08006bd4       0x18 build-v1.6/stm32f4xx_rcc.o
                0x08006bd4                RCC_APB1PeriphClockCmd
 .text.RCC_APB2PeriphClockCmd
                0x08006bec       0x18 build-v1.6/stm32f4xx_rcc.o
                0x08006bec                RCC_APB2PeriphClockCmd
 .text.RCC_APB1PeriphResetCmd
                0x08006c04       0x18 build-v1.6/stm32f4xx_rcc.o
                0x08006c04                RCC_APB1PeriphResetCmd
 .text.RCC_APB2PeriphResetCmd
                0x08006c1c       0x18 build-v1.6/stm32f4xx_rcc.o
                0x08006c1c                RCC_APB2PeriphResetCmd
 .text.SPI_I2S_DeInit
                0x08006c34       0xd0 build-v1.6/stm32f4xx_spi.o
                0x08006c34                SPI_I2S_DeInit
 .text.SPI_Init
                0x08006d04       0x4c build-v1.6/stm32f4xx_spi.o
                0x08006d04                SPI_Init
 .text.SPI_StructInit
                0x08006d50       0x10 build-v1.6/stm32f4xx_spi.o
                0x08006d50                SPI_StructInit
 .text.SPI_Cmd  0x08006d60       0x14 build-v1.6/stm32f4xx_spi.o
                0x08006d60                SPI_Cmd
 .text.SPI_NSSInternalSoftwareConfig
                0x08006d74       0x18 build-v1.6/stm32f4xx_spi.o
                0x08006d74                SPI_NSSInternalSoftwareConfig
 .text.SPI_I2S_ReceiveData
                0x08006d8c        0x8 build-v1.6/stm32f4xx_spi.o
                0x08006d8c                SPI_I2S_ReceiveData
 .text.SPI_I2S_SendData
                0x08006d94        0x4 build-v1.6/stm32f4xx_spi.o
                0x08006d94                SPI_I2S_SendData
 .text.SPI_I2S_GetFlagStatus
                0x08006d98        0xc build-v1.6/stm32f4xx_spi.o
                0x08006d98                SPI_I2S_GetFlagStatus
 .text.SYSCFG_EXTILineConfig
                0x08006da4       0x2c build-v1.6/stm32f4xx_syscfg.o
                0x08006da4                SYSCFG_EXTILineConfig
 .text.TIM_TimeBaseInit
                0x08006dd0       0xb0 build-v1.6/stm32f4xx_tim.o
                0x08006dd0                TIM_TimeBaseInit
 .text.TIM_TimeBaseStructInit
                0x08006e80       0x10 build-v1.6/stm32f4xx_tim.o
                0x08006e80                TIM_TimeBaseStructInit
 .text.TIM_SetCounter
                0x08006e90        0x4 build-v1.6/stm32f4xx_tim.o
                0x08006e90                TIM_SetCounter
 .text.TIM_ARRPreloadConfig
                0x08006e94       0x14 build-v1.6/stm32f4xx_tim.o
                0x08006e94                TIM_ARRPreloadConfig
 .text.TIM_Cmd  0x08006ea8       0x14 build-v1.6/stm32f4xx_tim.o
                0x08006ea8                TIM_Cmd
 .text.TIM_SetCompare2
                0x08006ebc        0x4 build-v1.6/stm32f4xx_tim.o
                0x08006ebc                TIM_SetCompare2
 .text.TIM_CCxCmd
                0x08006ec0       0x1c build-v1.6/stm32f4xx_tim.o
                0x08006ec0                TIM_CCxCmd
 .text.TIM_ITConfig
                0x08006edc       0x14 build-v1.6/stm32f4xx_tim.o
                0x08006edc                TIM_ITConfig
 .text.TIM_GetITStatus
                0x08006ef0       0x18 build-v1.6/stm32f4xx_tim.o
                0x08006ef0                TIM_GetITStatus
 .text.TIM_ClearITPendingBit
                0x08006f08        0x8 build-v1.6/stm32f4xx_tim.o
                0x08006f08                TIM_ClearITPendingBit
 .text.TIM_SelectOutputTrigger
                0x08006f10       0x10 build-v1.6/stm32f4xx_tim.o
                0x08006f10                TIM_SelectOutputTrigger
 .text.Reset_Handler
                0x08006f20       0x50 build-v1.6/startup_stm32f40xx.o
                0x08006f20                Reset_Handler
 .text.Default_Handler
                0x08006f70        0x2 build-v1.6/startup_stm32f40xx.o
                0x08006f70                DMA1_Stream3_IRQHandler
                0x08006f70                HASH_RNG_IRQHandler
                0x08006f70                EXTI2_IRQHandler
                0x08006f70                TIM8_CC_IRQHandler
                0x08006f70                TIM1_CC_IRQHandler
                0x08006f70                DMA2_Stream5_IRQHandler
                0x08006f70                DMA1_Stream5_IRQHandler
                0x08006f70                PVD_IRQHandler
                0x08006f70                SDIO_IRQHandler
                0x08006f70                TAMP_STAMP_IRQHandler
                0x08006f70                CAN2_RX1_IRQHandler
                0x08006f70                EXTI3_IRQHandler
                0x08006f70                TIM1_UP_TIM10_IRQHandler
                0x08006f70                I2C3_ER_IRQHandler
                0x08006f70                I2C2_EV_IRQHandler
                0x08006f70                DMA1_Stream2_IRQHandler
                0x08006f70                CAN1_RX0_IRQHandler
                0x08006f70                FPU_IRQHandler
                0x08006f70                OTG_HS_WKUP_IRQHandler
                0x08006f70                CAN2_SCE_IRQHandler
                0x08006f70                DMA2_Stream2_IRQHandler
                0x08006f70                SPI1_IRQHandler
                0x08006f70                TIM1_BRK_TIM9_IRQHandler
                0x08006f70                DCMI_IRQHandler
                0x08006f70                CAN2_RX0_IRQHandler
                0x08006f70                DMA2_Stream3_IRQHandler
                0x08006f70                USART6_IRQHandler
                0x08006f70                USART3_IRQHandler
                0x08006f70                CRYP_IRQHandler
                0x08006f70                CAN1_RX1_IRQHandler
                0x08006f70                UART5_IRQHandler
                0x08006f70                DMA2_Stream0_IRQHandler
                0x08006f70                I2C1_EV_IRQHandler
                0x08006f70                DMA1_Stream6_IRQHandler
                0x08006f70                DMA1_Stream1_IRQHandler
                0x08006f70                UART4_IRQHandler
                0x08006f70                RCC_IRQHandler
                0x08006f70                TIM8_BRK_TIM12_IRQHandler
                0x08006f70                Default_Handler
                0x08006f70                EXTI15_10_IRQHandler
                0x08006f70                DMA1_Stream7_IRQHandler
                0x08006f70                CAN2_TX_IRQHandler
                0x08006f70                DMA2_Stream7_IRQHandler
                0x08006f70                I2C3_EV_IRQHandler
                0x08006f70                RTC_WKUP_IRQHandler
                0x08006f70                ETH_WKUP_IRQHandler
                0x08006f70                SPI2_IRQHandler
                0x08006f70                OTG_HS_EP1_IN_IRQHandler
                0x08006f70                DMA1_Stream0_IRQHandler
                0x08006f70                CAN1_TX_IRQHandler
                0x08006f70                EXTI4_IRQHandler
                0x08006f70                FSMC_IRQHandler
                0x08006f70                ETH_IRQHandler
                0x08006f70                OTG_HS_EP1_OUT_IRQHandler
                0x08006f70                WWDG_IRQHandler
                0x08006f70                TIM2_IRQHandler
                0x08006f70                OTG_FS_WKUP_IRQHandler
                0x08006f70                TIM1_TRG_COM_TIM11_IRQHandler
                0x08006f70                OTG_HS_IRQHandler
                0x08006f70                USART2_IRQHandler
                0x08006f70                I2C2_ER_IRQHandler
                0x08006f70                DMA2_Stream1_IRQHandler
                0x08006f70                CAN1_SCE_IRQHandler
                0x08006f70                FLASH_IRQHandler
                0x08006f70                DMA2_Stream4_IRQHandler
                0x08006f70                USART1_IRQHandler
                0x08006f70                OTG_FS_IRQHandler
                0x08006f70                SPI3_IRQHandler
                0x08006f70                DMA1_Stream4_IRQHandler
                0x08006f70                I2C1_ER_IRQHandler
                0x08006f70                DMA2_Stream6_IRQHandler
                0x08006f70                RTC_Alarm_IRQHandler
 *fill*         0x08006f72        0x2 
 .text.__udivmoddi4
                0x08006f74      0x320 /private/tmp/armtc/root/bin/../lib/gcc/arm-none-eabi/15.2.1/thumb/v7e-m+fp/hard/libgcc.a(_udivmoddi4.o)
                0x08006f74                __udivmoddi4
 .text.memset   0x08007294       0x10 /private/tmp/armtc/root/bin/../lib/gcc/arm-none-eabi/15.2.1/../../../../arm-none-eabi/lib/thumb/v7e-m+fp/hard/libc_nano.a(libc_a-memset.o)
                0x08007294                memset
 .text.__libc_init_array
                0x080072a4       0x48 /private/tmp/armtc/root/bin/../lib/gcc/arm-none-eabi/15.2.1/../../../../arm-none-eabi/lib/thumb/v7e-m+fp/hard/libc_nano.a(libc_a-init.o)
                0x080072a4                __libc_init_array
 .text.memcpy   0x080072ec       0x1c /private/tmp/armtc/root/bin/../lib/gcc/arm-none-eabi/15.2.1/../../../../arm-none-eabi/lib/thumb/v7e-m+fp/hard/libc_nano.a(libc_a-memcpy-stub.o)
                0x080072ec                memcpy
 *(.glue_7)
 .glue_7        0x08007308        0x0 linker stubs
 *(.glue_7t)
 .glue_7t       0x08007308        0x0 linker stubs
 *(.eh_frame)
 .eh_frame      0x08007308        0x0 /private/tmp/armtc/root/bin/../lib/gcc/arm-none-eabi/15.2.1/thumb/v7e-m+fp/hard/crtbegin.o
 *(.init)
 .init          0x08007308        0x4 /private/tmp/armtc/root/bin/../lib/gcc/arm-none-eabi/15.2.1/thumb/v7e-m+fp/hard/crti.o
                0x08007308                _init
 .init          0x0800730c        0x8 /private/tmp/armtc/root/bin/../lib/gcc/arm-none-eabi/15.2.1/thumb/v7e-m+fp/hard/crtn.o
 *(.fini)
 .fini          0x08007314        0x4 /private/tmp/armtc/root/bin/../lib/gcc/arm-none-eabi/15.2.1/thumb/v7e-m+fp/hard/crti.o
                0x08007314                _fini
 .fini          0x08007318        0x8 /private/tmp/armtc/root/bin/../lib/gcc/arm-none-eabi/15.2.1/thumb/v7e-m+fp/hard/crtn.o
                0x08007320                        . = ALIGN (0x4)
                0x08007320                        _etext = .

.vfp11_veneer   0x08007320        0x0
 .vfp11_veneer  0x08007320        0x0 linker stubs

.v4_bx          0x08007320        0x0
 .v4_bx         0x08007320        0x0 linker stubs

.iplt           0x08007320        0x0
 .iplt          0x08007320        0x0 /private/tmp/armtc/root/bin/../lib/gcc/arm-none-eabi/15.2.1/thumb/v7e-m+fp/hard/crtbegin.o

.rodata         0x08007320       0x10
                0x08007320                        . = ALIGN (0x4)
 *(.rodata)
 *(.rodata*)
 .rodata.APBAHBPrescTable
                0x08007320       0x10 build-v1.6/stm32f4xx_rcc.o
                0x08007330                        . = ALIGN (0x4)

.ARM.extab
 *(.ARM.extab* .gnu.linkonce.armextab.*)

.ARM            0x08007330        0x8
                0x08007330                        __exidx_start = .
 *(.ARM.exidx*)
 .ARM.exidx.text.__udivmoddi4
                0x08007330        0x8 /private/tmp/armtc/root/bin/../lib/gcc/arm-none-eabi/15.2.1/thumb/v7e-m+fp/hard/libgcc.a(_udivmoddi4.o)
                0x08007338                        __exidx_end = .

.rel.dyn        0x08007338        0x0
 .rel.iplt      0x08007338        0x0 /private/tmp/armtc/root/bin/../lib/gcc/arm-none-eabi/15.2.1/thumb/v7e-m+fp/hard/crtbegin.o

.preinit_array  0x08007338        0x0
                0x08007338                        PROVIDE (__preinit_array_start = .)
 *(.preinit_array*)
                0x08007338                        PROVIDE (__preinit_array_end = .)

.init_array     0x08007338        0x4
                0x08007338                        PROVIDE (__init_array_start = .)
 *(SORT_BY_NAME(.init_array.*))
 *(.init_array*)
 .init_array    0x08007338        0x4 /private/tmp/armtc/root/bin/../lib/gcc/arm-none-eabi/15.2.1/thumb/v7e-m+fp/hard/crtbegin.o
                0x0800733c                        PROVIDE (__init_array_end = .)

.fini_array     0x0800733c        0x4
                [!provide]                        PROVIDE (__fini_array_start = .)
 *(SORT_BY_NAME(.fini_array.*))
 *(.fini_array*)
 .fini_array    0x0800733c        0x4 /private/tmp/armtc/root/bin/../lib/gcc/arm-none-eabi/15.2.1/thumb/v7e-m+fp/hard/crtbegin.o
                [!provide]                        PROVIDE (__fini_array_end = .)
                0x08007340                        _sidata = LOADADDR (.data)

.data           0x20000000       0x40 load address 0x08007340
                0x20000000                        . = ALIGN (0x4)
                0x20000000                        _sdata = .
 *(.data)
 *(.data*)
 .data.afgs     0x20000000        0x8 build-v1.6/afg.o
                0x20000000                afgs
 .data.external_cal
                0x20000008       0x20 build-v1.6/analog_data.o
                0x20000008                external_cal
 .data.cal_constants
                0x20000028       0x10 build-v1.6/analog_data.o
                0x20000028                cal_constants
 .data.left_counter.3
                0x20000038        0x2 build-v1.6/controller.o
 .data.right_counter.4
                0x2000003a        0x2 build-v1.6/controller.o
 .data.steps_leds_lit
                0x2000003c        0x4 build-v1.6/display.o
                0x2000003c                steps_leds_lit
                0x20000040                        . = ALIGN (0x4)
                0x20000040                        _edata = .
                0x08007380                        _siccmram = LOADADDR (.ccmram)

.tm_clone_table
                0x20000040        0x0 load address 0x08007380
 .tm_clone_table
                0x20000040        0x0 /private/tmp/armtc/root/bin/../lib/gcc/arm-none-eabi/15.2.1/thumb/v7e-m+fp/hard/crtbegin.o
 .tm_clone_table
                0x20000040        0x0 /private/tmp/armtc/root/bin/../lib/gcc/arm-none-eabi/15.2.1/thumb/v7e-m+fp/hard/crtend.o

.igot.plt       0x20000040        0x0 load address 0x08007380
 .igot.plt      0x20000040        0x0 /private/tmp/armtc/root/bin/../lib/gcc/arm-none-eabi/15.2.1/thumb/v7e-m+fp/hard/crtbegin.o

.ccmram         0x10000000        0x0 load address 0x08007380
                0x10000000                        . = ALIGN (0x4)
                0x10000000                        _sccmram = .
 *(.ccmram)
 *(.ccmram*)
                0x10000000                        . = ALIGN (0x4)
                0x10000000                        _eccmram = .
                0x10000000                        . = ALIGN (0x4)

.bss            0x20000040      0x2bc
                0x20000040                        _sbss = .
                0x20000040                        __bss_start__ = _sbss
 *(.bss)
 *(.bss*)
 .bss.completed.1
                0x20000040        0x1 /private/tmp/armtc/root/bin/../lib/gcc/arm-none-eabi/15.2.1/thumb/v7e-m+fp/hard/crtbegin.o
 *fill*         0x20000041        0x3 
 .bss.object.0  0x20000044       0x18 /private/tmp/armtc/root/bin/../lib/gcc/arm-none-eabi/15.2.1/thumb/v7e-m+fp/hard/crtbegin.o
 .bss.afg2      0x2000005c       0x18 build-v1.6/afg.o
                0x2000005c                afg2
 .bss.afg1      0x20000074       0x18 build-v1.6/afg.o
                0x20000074                afg1
 .bss.voltage_smoothers.0
                0x2000008c       0x10 build-v1.6/analog_data.o
 .bss.quantizer_magic
                0x2000009c        0x4 build-v1.6/analog_data.o
                0x2000009c                quantizer_magic
 .bss.semitone_offset
                0x200000a0        0x4 build-v1.6/analog_data.o
                0x200000a0                semitone_offset
 .bss.octave_offset
                0x200000a4        0x4 build-v1.6/analog_data.o
                0x200000a4                octave_offset
 .bss.limited_range_multiplier
                0x200000a8        0x4 build-v1.6/analog_data.o
                0x200000a8                limited_range_multiplier
 .bss.PULSE_INPUTS_NONE
                0x200000ac        0x3 build-v1.6/analog_data.o
                0x200000ac                PULSE_INPUTS_NONE
 *fill*         0x200000af        0x1 
 .bss.add_data  0x200000b0       0x10 build-v1.6/analog_data.o
                0x200000b0                add_data
 .bss.inhibit_modal.0
                0x200000c0        0x1 build-v1.6/controller.o
 .bss.clear_counter2.1
                0x200000c1        0x1 build-v1.6/controller.o
 .bss.clear_counter1.2
                0x200000c2        0x1 build-v1.6/controller.o
 *fill*         0x200000c3        0x1 
 .bss.controller_job_flags
                0x200000c4        0xa build-v1.6/controller.o
                0x200000c4                controller_job_flags
 .bss.edit_mode_section
                0x200000ce        0x1 build-v1.6/controller.o
                0x200000ce                edit_mode_section
 .bss.edit_mode_step_num
                0x200000cf        0x1 build-v1.6/controller.o
                0x200000cf                edit_mode_step_num
 .bss.millis    0x200000d0        0x4 build-v1.6/delays.o
                0x200000d0                millis
 .bss.counter.0
                0x200000d4        0x2 build-v1.6/display.o
 .bss.counter.1
                0x200000d6        0x2 build-v1.6/display.o
 .bss.mode_leds_lit
                0x200000d8        0x4 build-v1.6/display.o
                0x200000d8                mode_leds_lit
 .bss.swapped_pulses
                0x200000dc        0x1 build-v1.6/display.o
                0x200000dc                swapped_pulses
 .bss.display_mode
                0x200000dd        0x1 build-v1.6/display.o
                0x200000dd                display_mode
 *fill*         0x200000de        0x2 
 .bss.display_update_flags
                0x200000e0        0x1 build-v1.6/display.o
                0x200000e0                display_update_flags
 *fill*         0x200000e1        0x3 
 .bss.eprom_memory
                0x200000e4       0x48 build-v1.6/eprom.o
                0x200000e4                eprom_memory
 .bss.has_expander
                0x2000012c        0x1 build-v1.6/expander.o
                0x2000012c                has_expander
 *fill*         0x2000012d        0x3 
 .bss.sloping_output.0
                0x20000130        0xc build-v1.6/main.o
 .bss.tick_counter.1
                0x2000013c        0x1 build-v1.6/main.o
 *fill*         0x2000013d        0x3 
 .bss.sloping_output.2
                0x20000140        0xc build-v1.6/main.o
 .bss.tick_counter.3
                0x2000014c        0x1 build-v1.6/main.o
 *fill*         0x2000014d        0x3 
 .bss.pulse2_handled_time.4
                0x20000150        0x4 build-v1.6/main.o
 .bss.pulse1_handled_time.5
                0x20000154        0x4 build-v1.6/main.o
 .bss.RCC_Clocks
                0x20000158       0x10 build-v1.6/main.o
                0x20000158                RCC_Clocks
 .bss.dip_config
                0x20000168        0x1 build-v1.6/main.o
                0x20000168                dip_config
 *fill*         0x20000169        0x3 
 .bss.time_smoothers.0
                0x2000016c       0x40 build-v1.6/program.o
 .bss.voltage_smoothers.1
                0x200001ac       0x40 build-v1.6/program.o
 .bss.time_slider_pins
                0x200001ec        0x8 build-v1.6/program.o
                0x200001ec                time_slider_pins
 .bss.voltage_slider_pins
                0x200001f4        0x8 build-v1.6/program.o
                0x200001f4                voltage_slider_pins
 .bss.sliders   0x200001fc       0x80 build-v1.6/program.o
                0x200001fc                sliders
 .bss.steps     0x2000027c       0x80 build-v1.6/program.o
                0x2000027c                steps
 *(COMMON)
                0x200002fc                        . = ALIGN (0x4)
                0x200002fc                        _ebss = .
                0x200002fc                        __bss_end__ = _ebss

._user_heap_stack
                0x200002fc      0x400
                0x200002fc                        . = ALIGN (0x4)
                0x200002fc                        PROVIDE (end = .)
                [!provide]                        PROVIDE (_end = .)
                0x200002fc                        . = (. + _Min_Heap_Size)
                0x200006fc                        . = (. + _Min_Stack_Size)
 *fill*         0x200002fc      0x400 
                0x200006fc                        . = ALIGN (0x4)

.memory_b1_text
 *(.mb1text)
 *(.mb1text*)
 *(.mb1rodata)
 *(.mb1rodata*)

/DISCARD/
 libc.a(*)
 libm.a(*)
 libgcc.a(*)

.ARM.attributes
                0x00000000       0x30
 *(.ARM.attributes)
 .ARM.attributes
                0x00000000       0x22 /private/tmp/armtc/root/bin/../lib/gcc/arm-none-eabi/15.2.1/thumb/v7e-m+fp/hard/crti.o
 .ARM.attributes
                0x00000022       0x34 /private/tmp/armtc/root/bin/../lib/gcc/arm-none-eabi/15.2.1/thumb/v7e-m+fp/hard/crtbegin.o
 .ARM.attributes
                0x00000056       0x34 build-v1.6/adc_pots_selector.o
 .ARM.attributes
                0x0000008a       0x34 build-v1.6/afg.o
 .ARM.attributes
                0x000000be       0x34 build-v1.6/analog_data.o
 .ARM.attributes
                0x000000f2       0x34 build-v1.6/CAT25512.o
 .ARM.attributes
                0x00000126       0x34 build-v1.6/controller.o
 .ARM.attributes
                0x0000015a       0x34 build-v1.6/delays.o
 .ARM.attributes
                0x0000018e       0x34 build-v1.6/dip_config.o
 .ARM.attributes
                0x000001c2       0x34 build-v1.6/display.o
 .ARM.attributes
                0x000001f6       0x34 build-v1.6/eprom.o
 .ARM.attributes
                0x0000022a       0x34 build-v1.6/expander.o
 .ARM.attributes
                0x0000025e       0x34 build-v1.6/HC165.o
 .ARM.attributes
                0x00000292       0x34 build-v1.6/leds_modes.o
 .ARM.attributes
                0x000002c6       0x34 build-v1.6/leds_step.o
 .ARM.attributes
                0x000002fa       0x34 build-v1.6/main.o
 .ARM.attributes
                0x0000032e       0x34 build-v1.6/MAX5135.o
 .ARM.attributes
                0x00000362       0x34 build-v1.6/program.o
 .ARM.attributes
                0x00000396       0x34 build-v1.6/stm32f4xx_it.o
 .ARM.attributes
                0x000003ca       0x34 build-v1.6/system_stm32f4xx.o
 .ARM.attributes
                0x000003fe       0x34 build-v1.6/misc.o
 .ARM.attributes
                0x00000432       0x34 build-v1.6/stm32f4xx_adc.o
 .ARM.attributes
                0x00000466       0x34 build-v1.6/stm32f4xx_dac.o
 .ARM.attributes
                0x0000049a       0x34 build-v1.6/stm32f4xx_exti.o
 .ARM.attributes
                0x000004ce       0x34 build-v1.6/stm32f4xx_gpio.o
 .ARM.attributes
                0x00000502       0x34 build-v1.6/stm32f4xx_rcc.o
 .ARM.attributes
                0x00000536       0x34 build-v1.6/stm32f4xx_spi.o
 .ARM.attributes
                0x0000056a       0x34 build-v1.6/stm32f4xx_syscfg.o
 .ARM.attributes
                0x0000059e       0x34 build-v1.6/stm32f4xx_tim.o
 .ARM.attributes
                0x000005d2       0x21 build-v1.6/startup_stm32f40xx.o
 .ARM.attributes
                0x000005f3       0x22 /private/tmp/armtc/root/bin/../lib/gcc/arm-none-eabi/15.2.1/thumb/v7e-m+fp/hard/libgcc.a(_arm_muldf3.o)
 .ARM.attributes
                0x00000615       0x22 /private/tmp/armtc/root/bin/../lib/gcc/arm-none-eabi/15.2.1/thumb/v7e-m+fp/hard/libgcc.a(_arm_addsubdf3.o)
 .ARM.attributes
                0x00000637       0x22 /private/tmp/armtc/root/bin/../lib/gcc/arm-none-eabi/15.2.1/thumb/v7e-m+fp/hard/libgcc.a(_arm_fixunsdfsi.o)
 .ARM.attributes
                0x00000659       0x22 /private/tmp/armtc/root/bin/../lib/gcc/arm-none-eabi/15.2.1/thumb/v7e-m+fp/hard/libgcc.a(_arm_truncdfsf2.o)
 .ARM.attributes
                0x0000067b       0x22 /private/tmp/armtc/root/bin/../lib/gcc/arm-none-eabi/15.2.1/thumb/v7e-m+fp/hard/libgcc.a(_aeabi_uldivmod.o)
 .ARM.attributes
                0x0000069d       0x34 /private/tmp/armtc/root/bin/../lib/gcc/arm-none-eabi/15.2.1/thumb/v7e-m+fp/hard/libgcc.a(_udivmoddi4.o)
 .ARM.attributes
                0x000006d1       0x22 /private/tmp/armtc/root/bin/../lib/gcc/arm-none-eabi/15.2.1/thumb/v7e-m+fp/hard/libgcc.a(_dvmd_tls.o)
 .ARM.attributes
                0x000006f3       0x34 /private/tmp/armtc/root/bin/../lib/gcc/arm-none-eabi/15.2.1/../../../../arm-none-eabi/lib/thumb/v7e-m+fp/hard/libc_nano.a(libc_a-memset.o)
 .ARM.attributes
                0x00000727       0x34 /private/tmp/armtc/root/bin/../lib/gcc/arm-none-eabi/15.2.1/../../../../arm-none-eabi/lib/thumb/v7e-m+fp/hard/libc_nano.a(libc_a-init.o)
 .ARM.attributes
                0x0000075b       0x34 /private/tmp/armtc/root/bin/../lib/gcc/arm-none-eabi/15.2.1/../../../../arm-none-eabi/lib/thumb/v7e-m+fp/hard/libc_nano.a(libc_a-memcpy-stub.o)
 .ARM.attributes
                0x0000078f       0x34 /private/tmp/armtc/root/bin/../lib/gcc/arm-none-eabi/15.2.1/thumb/v7e-m+fp/hard/crtend.o
 .ARM.attributes
                0x000007c3       0x22 /private/tmp/armtc/root/bin/../lib/gcc/arm-none-eabi/15.2.1/thumb/v7e-m+fp/hard/crtn.o
OUTPUT(build-v1.6/MARF-v1.6-no-strobe.elf elf32-littlearm)
LOAD linker stubs
LOAD /private/tmp/armtc/root/bin/../lib/gcc/arm-none-eabi/15.2.1/../../../../arm-none-eabi/lib/thumb/v7e-m+fp/hard/libc.a
LOAD /private/tmp/armtc/root/bin/../lib/gcc/arm-none-eabi/15.2.1/../../../../arm-none-eabi/lib/thumb/v7e-m+fp/hard/libm.a
LOAD /private/tmp/armtc/root/bin/../lib/gcc/arm-none-eabi/15.2.1/thumb/v7e-m+fp/hard/libgcc.a

.comment        0x00000000       0x45
 .comment       0x00000000       0x45 build-v1.6/adc_pots_selector.o
                                 0x46 (size before relaxing)
 .comment       0x00000045        0x0 build-v1.6/afg.o
                                 0x46 (size before relaxing)
 .comment       0x00000045        0x0 build-v1.6/analog_data.o
                                 0x46 (size before relaxing)
 .comment       0x00000045        0x0 build-v1.6/CAT25512.o
                                 0x46 (size before relaxing)
 .comment       0x00000045        0x0 build-v1.6/controller.o
                                 0x46 (size before relaxing)
 .comment       0x00000045        0x0 build-v1.6/delays.o
                                 0x46 (size before relaxing)
 .comment       0x00000045        0x0 build-v1.6/dip_config.o
                                 0x46 (size before relaxing)
 .comment       0x00000045        0x0 build-v1.6/display.o
                                 0x46 (size before relaxing)
 .comment       0x00000045        0x0 build-v1.6/eprom.o
                                 0x46 (size before relaxing)
 .comment       0x00000045        0x0 build-v1.6/expander.o
                                 0x46 (size before relaxing)
 .comment       0x00000045        0x0 build-v1.6/HC165.o
                                 0x46 (size before relaxing)
 .comment       0x00000045        0x0 build-v1.6/leds_modes.o
                                 0x46 (size before relaxing)
 .comment       0x00000045        0x0 build-v1.6/leds_step.o
                                 0x46 (size before relaxing)
 .comment       0x00000045        0x0 build-v1.6/main.o
                                 0x46 (size before relaxing)
 .comment       0x00000045        0x0 build-v1.6/MAX5135.o
                                 0x46 (size before relaxing)
 .comment       0x00000045        0x0 build-v1.6/program.o
                                 0x46 (size before relaxing)
 .comment       0x00000045        0x0 build-v1.6/stm32f4xx_it.o
                                 0x46 (size before relaxing)
 .comment       0x00000045        0x0 build-v1.6/system_stm32f4xx.o
                                 0x46 (size before relaxing)
 .comment       0x00000045        0x0 build-v1.6/misc.o
                                 0x46 (size before relaxing)
 .comment       0x00000045        0x0 build-v1.6/stm32f4xx_adc.o
                                 0x46 (size before relaxing)
 .comment       0x00000045        0x0 build-v1.6/stm32f4xx_dac.o
                                 0x46 (size before relaxing)
 .comment       0x00000045        0x0 build-v1.6/stm32f4xx_exti.o
                                 0x46 (size before relaxing)
 .comment       0x00000045        0x0 build-v1.6/stm32f4xx_gpio.o
                                 0x46 (size before relaxing)
 .comment       0x00000045        0x0 build-v1.6/stm32f4xx_rcc.o
                                 0x46 (size before relaxing)
 .comment       0x00000045        0x0 build-v1.6/stm32f4xx_spi.o
                                 0x46 (size before relaxing)
 .comment       0x00000045        0x0 build-v1.6/stm32f4xx_syscfg.o
                                 0x46 (size before relaxing)
 .comment       0x00000045        0x0 build-v1.6/stm32f4xx_tim.o
                                 0x46 (size before relaxing)

.debug_line_str
                0x00000000       0xeb
 .debug_line_str
                0x00000000       0xeb /private/tmp/armtc/root/bin/../lib/gcc/arm-none-eabi/15.2.1/thumb/v7e-m+fp/hard/libgcc.a(_arm_muldf3.o)
                                 0xd7 (size before relaxing)
 .debug_line_str
                0x000000eb        0x0 /private/tmp/armtc/root/bin/../lib/gcc/arm-none-eabi/15.2.1/thumb/v7e-m+fp/hard/libgcc.a(_arm_addsubdf3.o)
                                 0xd7 (size before relaxing)
 .debug_line_str
                0x000000eb        0x0 /private/tmp/armtc/root/bin/../lib/gcc/arm-none-eabi/15.2.1/thumb/v7e-m+fp/hard/libgcc.a(_arm_fixunsdfsi.o)
                                 0xd7 (size before relaxing)
 .debug_line_str
                0x000000eb        0x0 /private/tmp/armtc/root/bin/../lib/gcc/arm-none-eabi/15.2.1/thumb/v7e-m+fp/hard/libgcc.a(_arm_truncdfsf2.o)
                                 0xd7 (size before relaxing)
 .debug_line_str
                0x000000eb        0x0 /private/tmp/armtc/root/bin/../lib/gcc/arm-none-eabi/15.2.1/thumb/v7e-m+fp/hard/libgcc.a(_aeabi_uldivmod.o)
                                 0xd2 (size before relaxing)
 .debug_line_str
                0x000000eb        0x0 /private/tmp/armtc/root/bin/../lib/gcc/arm-none-eabi/15.2.1/thumb/v7e-m+fp/hard/libgcc.a(_dvmd_tls.o)
                                 0xd6 (size before relaxing)

.debug_frame    0x00000000      0x208
 .debug_frame   0x00000000       0x30 /private/tmp/armtc/root/bin/../lib/gcc/arm-none-eabi/15.2.1/thumb/v7e-m+fp/hard/libgcc.a(_arm_muldf3.o)
 .debug_frame   0x00000030       0xac /private/tmp/armtc/root/bin/../lib/gcc/arm-none-eabi/15.2.1/thumb/v7e-m+fp/hard/libgcc.a(_arm_addsubdf3.o)
 .debug_frame   0x000000dc       0x24 /private/tmp/armtc/root/bin/../lib/gcc/arm-none-eabi/15.2.1/thumb/v7e-m+fp/hard/libgcc.a(_arm_fixunsdfsi.o)
 .debug_frame   0x00000100       0x24 /private/tmp/armtc/root/bin/../lib/gcc/arm-none-eabi/15.2.1/thumb/v7e-m+fp/hard/libgcc.a(_arm_truncdfsf2.o)
 .debug_frame   0x00000124       0x2c /private/tmp/armtc/root/bin/../lib/gcc/arm-none-eabi/15.2.1/thumb/v7e-m+fp/hard/libgcc.a(_aeabi_uldivmod.o)
 .debug_frame   0x00000150       0x44 /private/tmp/armtc/root/bin/../lib/gcc/arm-none-eabi/15.2.1/thumb/v7e-m+fp/hard/libgcc.a(_udivmoddi4.o)
 .debug_frame   0x00000194       0x20 /private/tmp/armtc/root/bin/../lib/gcc/arm-none-eabi/15.2.1/../../../../arm-none-eabi/lib/thumb/v7e-m+fp/hard/libc_nano.a(libc_a-memset.o)
 .debug_frame   0x000001b4       0x2c /private/tmp/armtc/root/bin/../lib/gcc/arm-none-eabi/15.2.1/../../../../arm-none-eabi/lib/thumb/v7e-m+fp/hard/libc_nano.a(libc_a-init.o)
 .debug_frame   0x000001e0       0x28 /private/tmp/armtc/root/bin/../lib/gcc/arm-none-eabi/15.2.1/../../../../arm-none-eabi/lib/thumb/v7e-m+fp/hard/libc_nano.a(libc_a-memcpy-stub.o)
